// Jest Snapshot v1, https://goo.gl/fbAQLP

exports[`renders correctly 1`] = `
<View
  accessibilityIgnoresInvertColors={true}
  style={
    {
      "flex": 1,
    }
  }
>
  <Image
    source={1}
    style={
      [
        {
          "bottom": 0,
          "left": 0,
          "position": "absolute",
          "right": 0,
          "top": 0,
        },
        {
          "height": undefined,
          "width": undefined,
        },
        undefined,
      ]
    }
  />
  <RNCSafeAreaView
    edges={
      [
        "bottom",
        "left",
        "right",
        "top",
      ]
    }
    style={
      {
        "flex": 1,
      }
    }
  >
    <View
      style={
        [
          {
            "backgroundColor": "#fff",
          },
          {
            "backgroundColor": "transparent",
            "flex": 4,
            "marginTop": 133.4,
            "paddingHorizontal": 30,
          },
        ]
      }
    >
      <Text
        style={
          [
            {
              "textAlign": "left",
            },
            {
              "color": "rgba(28, 27, 31, 1)",
              "fontFamily": "System",
              "fontWeight": "400",
              "letterSpacing": 0,
            },
            {
              "writingDirection": "ltr",
            },
            {
              "color": "rgba(255, 251, 254, 1)",
            },
          ]
        }
      >
        <Text
          style={
            [
              {
                "fontFamily": "System",
                "fontSize": 28,
                "fontWeight": "400",
                "letterSpacing": 0,
                "lineHeight": 36,
              },
              {
                "textAlign": "left",
              },
              {
                "color": "rgba(28, 27, 31, 1)",
                "writingDirection": "ltr",
              },
              undefined,
            ]
          }
        >
          onboarding.title.fistPart
        </Text>
        <Text
          style={
            [
              {
                "fontFamily": "System",
                "fontSize": 28,
                "fontWeight": "400",
                "letterSpacing": 0,
                "lineHeight": 36,
              },
              {
                "textAlign": "left",
              },
              {
                "color": "rgba(28, 27, 31, 1)",
                "writingDirection": "ltr",
              },
              {
                "color": "rgba(98, 91, 113, 1)",
              },
            ]
          }
        >
           
          onboarding.title.emphasis
        </Text>
        <Text
          style={
            [
              {
                "fontFamily": "System",
                "fontSize": 28,
                "fontWeight": "400",
                "letterSpacing": 0,
                "lineHeight": 36,
              },
              {
                "textAlign": "left",
              },
              {
                "color": "rgba(28, 27, 31, 1)",
                "writingDirection": "ltr",
              },
              undefined,
            ]
          }
        >
          ,
        </Text>
      </Text>
      <Text
        style={
          [
            {
              "fontFamily": "System",
              "fontSize": 28,
              "fontWeight": "400",
              "letterSpacing": 0,
              "lineHeight": 36,
            },
            {
              "textAlign": "left",
            },
            {
              "color": "rgba(28, 27, 31, 1)",
              "writingDirection": "ltr",
            },
            {
              "color": "rgba(255, 251, 254, 1)",
            },
          ]
        }
      >
        onboarding.title.lastPart
      </Text>
      <Text
        style={
          [
            {
              "fontFamily": "System",
              "fontSize": 16,
              "fontWeight": "500",
              "letterSpacing": 0.15,
              "lineHeight": 24,
            },
            {
              "textAlign": "left",
            },
            {
              "color": "rgba(28, 27, 31, 1)",
              "writingDirection": "ltr",
            },
            [
              {
                "marginTop": 16,
              },
              {
                "color": "rgba(255, 251, 254, 1)",
              },
            ],
          ]
        }
      >
        onboarding.subtitle
      </Text>
    </View>
    <View
      style={
        [
          {
            "backgroundColor": "#fff",
          },
          {
            "alignItems": "center",
            "backgroundColor": "transparent",
            "flex": 1,
            "justifyContent": "center",
          },
        ]
      }
    >
      <View
        collapsable={false}
        style={
          {
            "backgroundColor": "rgba(132, 131, 131, 0.3)",
            "borderRadius": 20,
            "shadowColor": "#000",
            "shadowOffset": {
              "height": 0,
              "width": 0,
            },
            "shadowOpacity": 0,
            "shadowRadius": 0,
          }
        }
        testID="button-container-outer-layer"
      >
        <View
          collapsable={false}
          style={
            {
              "backgroundColor": "rgba(132, 131, 131, 0.3)",
              "borderColor": "transparent",
              "borderRadius": 20,
              "borderStyle": "solid",
              "borderWidth": 0,
              "flex": undefined,
              "minWidth": 64,
              "shadowColor": "#000",
              "shadowOffset": {
                "height": 0,
                "width": 0,
              },
              "shadowOpacity": 0,
              "shadowRadius": 0,
            }
          }
          testID="button-container"
        >
          <View
            accessibilityRole="button"
            accessibilityState={
              {
                "busy": undefined,
                "checked": undefined,
                "disabled": false,
                "expanded": undefined,
                "selected": undefined,
              }
            }
            accessibilityValue={
              {
                "max": undefined,
                "min": undefined,
                "now": undefined,
                "text": undefined,
              }
            }
            accessible={true}
            collapsable={false}
            focusable={true}
            onBlur={[Function]}
            onClick={[Function]}
            onFocus={[Function]}
            onResponderGrant={[Function]}
            onResponderMove={[Function]}
            onResponderRelease={[Function]}
            onResponderTerminate={[Function]}
            onResponderTerminationRequest={[Function]}
            onStartShouldSetResponder={[Function]}
            style={
              [
                {
                  "overflow": "hidden",
                },
                {
                  "borderRadius": 20,
                },
              ]
            }
            testID="button"
          >
            <View
              style={
                [
                  {
                    "alignItems": "center",
                    "flexDirection": "row",
                    "justifyContent": "center",
                  },
                  {
                    "flexDirection": "row-reverse",
                  },
                ]
              }
            >
              <View
                style={
                  [
                    {
                      "marginLeft": -4,
                      "marginRight": 12,
                    },
                    {
                      "marginLeft": -16,
                      "marginRight": 16,
                    },
                    false,
                  ]
                }
                testID="button-icon-container"
              >
                <Text />
              </View>
              <Text
                numberOfLines={1}
                selectable={false}
                style={
                  [
                    {
                      "fontFamily": "System",
                      "fontSize": 14,
                      "fontWeight": "500",
                      "letterSpacing": 0.1,
                      "lineHeight": 20,
                    },
                    {
                      "textAlign": "left",
                    },
                    {
                      "color": "rgba(28, 27, 31, 1)",
                      "writingDirection": "ltr",
                    },
                    [
                      {
                        "marginHorizontal": 16,
                        "marginVertical": 9,
                        "textAlign": "center",
                      },
                      false,
                      {
                        "marginHorizontal": 24,
                        "marginVertical": 10,
                      },
                      undefined,
                      false,
                      {
                        "color": "#fff",
                        "fontFamily": "System",
                        "fontSize": 14,
                        "fontWeight": "500",
                        "letterSpacing": 0.1,
                        "lineHeight": 20,
                      },
                      undefined,
                    ],
                  ]
                }
                testID="button-text"
              >
                onboarding.button
              </Text>
            </View>
          </View>
        </View>
      </View>
    </View>
  </RNCSafeAreaView>
</View>
`;
